C:\Program Files\dotnet\sdk\10.0.101\Microsoft.Common.CurrentVersion.targets(5381,5): error MSB3027: Could not copy "C:\Users\kills\.gemini\antigravity\scratch\HMS.Web\HMS.Web\obj\Debug\net10.0\apphost.exe" to "bin\Debug\net10.0\HMS.Web.exe". Exceeded retry count of 10. Failed. The file is locked by: "HMS.Web (30104)" [C:\Users\kills\.gemini\antigravity\scratch\HMS.Web\HMS.Web\HMS.Web.csproj]
C:\Program Files\dotnet\sdk\10.0.101\Microsoft.Common.CurrentVersion.targets(5381,5): error MSB3021: Unable to copy file "C:\Users\kills\.gemini\antigravity\scratch\HMS.Web\HMS.Web\obj\Debug\net10.0\apphost.exe" to "bin\Debug\net10.0\HMS.Web.exe". The process cannot access the file 'C:\Users\kills\.gemini\antigravity\scratch\HMS.Web\HMS.Web\bin\Debug\net10.0\HMS.Web.exe' because it is being used by another process. [C:\Users\kills\.gemini\antigravity\scratch\HMS.Web\HMS.Web\HMS.Web.csproj]

Build FAILED.
    10 Warning(s)
    2 Error(s)

Time Elapsed 00:00:16.44
